// Jest Snapshot v1, https://goo.gl/fbAQLP

exports[`test parsing of explorer log data should parse a bsc transfer event 1`] = `
Object {
  "blockNumber": 12637048,
  "datetime": 2021-11-14T08:14:31.000Z,
  "from": "0x9730155214fcad09A4a002f9cA7F9dBf3E706cD7",
  "to": "0x0000000000000000000000000000000000000000",
  "value": "2633478005838413983",
}
`;

exports[`test parsing of explorer log data should parse a fantom transfer event 1`] = `
Object {
  "blockNumber": 27937875,
  "datetime": 2022-01-14T13:32:03.000Z,
  "from": "0xd146C053f9ea51199D273C769C4fAE2a8E12d7B3",
  "to": "0x0000000000000000000000000000000000000000",
  "value": "11178789249575889034862",
}
`;

exports[`test parsing of explorer log data should parse a metis transfer event 1`] = `
Object {
  "blockNumber": 530710,
  "datetime": 2022-01-19T14:13:04.000Z,
  "from": "0x0000000000000000000000000000000000000000",
  "to": "0x010dA5FF62B6e45f89FA7B2d8CEd5a8b5754eC1b",
  "value": "269095900000000000",
}
`;
